
> learn-english-frontend@0.1.0 dev
> next dev

   ▲ Next.js 15.5.15
   - Local:        http://localhost:3000
   - Network:      http://10.5.0.2:3000

 ✓ Starting...
 ✓ Ready in 3.9s
 ○ Compiling / ...
 ✓ Compiled / in 23.8s (547 modules)
 GET / 200 in 1163ms
 GET / 200 in 25521ms
 GET / 200 in 255ms
 GET / 200 in 176ms
 GET / 200 in 170ms
 GET / 200 in 205ms
 GET / 200 in 128ms
 GET / 200 in 132ms
 GET / 200 in 126ms
 GET / 200 in 185ms
 GET / 200 in 184ms
 ✓ Compiled in 1562ms (533 modules)
 ✓ Compiled in 702ms (533 modules)
 GET / 200 in 723ms
 GET / 200 in 128ms
 GET / 200 in 150ms
 GET / 200 in 79ms
 GET / 200 in 223ms
 GET / 200 in 145ms
 GET / 200 in 120ms
 GET / 200 in 306ms
 GET / 200 in 301ms
 GET / 200 in 243ms
 GET / 200 in 263ms
 GET / 200 in 476ms
 GET / 200 in 248ms
 GET / 200 in 162ms
 GET / 200 in 308ms
 GET / 200 in 333ms
 GET / 200 in 125ms
 GET / 200 in 119ms
 GET / 200 in 244ms
 GET / 200 in 234ms
 GET / 200 in 494ms
 GET / 200 in 755ms
 GET / 200 in 309ms
 GET / 200 in 247ms
 GET / 200 in 184ms
 GET / 200 in 381ms
 GET / 200 in 214ms
 GET / 200 in 184ms
 GET / 200 in 144ms
 GET / 200 in 219ms
 ✓ Compiled in 1891ms (533 modules)
 ✓ Compiled in 1098ms (533 modules)
 GET / 200 in 792ms
 GET / 200 in 272ms
 ✓ Compiled in 1164ms (533 modules)
 GET / 200 in 359ms
 GET / 200 in 172ms
 GET / 200 in 273ms
 GET / 200 in 176ms
 GET / 200 in 468ms
 GET / 200 in 231ms
 GET / 200 in 163ms
 GET / 200 in 210ms
 GET / 200 in 172ms
 ✓ Compiled in 1834ms (533 modules)
 GET / 200 in 416ms
 GET / 200 in 223ms
 ✓ Compiled in 679ms (533 modules)
 GET / 200 in 571ms
 GET / 200 in 118ms
 GET / 200 in 109ms
 ✓ Compiled in 1176ms (533 modules)
 GET / 200 in 489ms
 GET / 200 in 454ms
 GET / 200 in 76ms
 GET / 200 in 78ms
 ✓ Compiled in 1403ms (533 modules)
 GET / 200 in 531ms
 GET / 200 in 138ms
 GET / 200 in 331ms
 GET / 200 in 113ms
 GET / 200 in 56ms
 GET / 200 in 66ms
 GET / 200 in 136ms
 GET / 200 in 169ms
 ✓ Compiled in 1588ms (533 modules)
 GET / 200 in 249ms
 ✓ Compiled in 2.5s (533 modules)
 GET / 200 in 403ms
 ✓ Compiled in 1001ms (533 modules)
 ✓ Compiled in 951ms (533 modules)
 GET / 200 in 251ms
 ✓ Compiled in 792ms (533 modules)
 GET / 200 in 367ms
 GET / 200 in 184ms
 GET / 200 in 151ms
 GET / 200 in 67ms
 GET / 200 in 66ms
 GET / 200 in 62ms
