Resolved "production" environment for the build. Learn more: https://docs.expo.dev/eas/environment-variables/#setting-the-environment-for-your-builds
Environment variables with visibility "Plain text" and "Sensitive" loaded from the "production" environment on EAS: EXPO_PUBLIC_SENTRY_DSN, SENTRY_AUTH_TOKEN, SENTRY_ORG, SENTRY_PROJECT.

- Incrementing buildNumber from 5 to 6.
√ Incremented buildNumber from 5 to 6.


√ Using remote iOS credentials (Expo server)

Distribution Certificate is not validated for non-interactive builds.
Using App Store Connect API Key from EAS credentials service.
- Fetching Apple provisioning profiles
[11:49:33]
[11:49:33] Auth error: 'm', 'Apple 401 detected - You are either not logged in, your account doesn't have access to the requested data, or the page doesn't exist
Authentication credentials are missing or invalid. - Provide a properly configured and signed bearer token, and make sure that it has not expired. Learn more about Generating Tokens for API Requests https://developer.apple.com/go/?id=api-generating-tokens'. Login in again (remaining: 3)
[11:49:33]
Log in to your Apple Developer account to continue
× Failed to fetch Apple provisioning profiles
Skipping Provisioning Profile validation on Apple servers due to an unexpected validation error. Continuing with local validation result.

Project Credentials Configuration

Project                   @horaceheightss-team/spanglish
Bundle Identifier         com.gorre.spanglish
                          
App Store Configuration   
                          
Distribution Certificate  
Serial Number             1AF97CD04F9778188BB310113DD0492
Expiration Date           Wed, 11 Aug 2027 17:30:37 CST
Apple Team                DAM23Q7964 (Horacio Gutierrez Garcia (Individual))
Updated                   1 day ago
                          
Provisioning Profile      
Developer Portal ID       57K3QP25WS
Status                    active
Expiration                Wed, 11 Aug 2027 17:30:37 CST
Apple Team                DAM23Q7964 (Horacio Gutierrez Garcia (Individual))
Updated                   1 day ago
                          
All credentials are ready to build @horaceheightss-team/spanglish (com.gorre.spanglish)


Compressing project files and uploading to EAS Build. Learn more: https://expo.fyi/eas-build-archive
- Compressing project files
Your project archive is 376 MB. You can reduce its size and the time it takes to upload by excluding files that are unnecessary for the build process in .easignore file. Learn more: https://expo.fyi/eas-build-archive
- Uploading to EAS Build (0 / 376 MB)
√ Uploaded to EAS 40s
Skipping project fingerprint

See logs: https://expo.dev/accounts/horaceheightss-team/projects/spanglish/builds/6a054935-558a-4714-9757-ea3ce15a8c14

