Resolved "production" environment for the build. Learn more: https://docs.expo.dev/eas/environment-variables/#setting-the-environment-for-your-builds
Environment variables with visibility "Plain text" and "Sensitive" loaded from the "production" environment on EAS: EXPO_PUBLIC_SENTRY_DSN, SENTRY_AUTH_TOKEN, SENTRY_ORG, SENTRY_PROJECT.

- Incrementing buildNumber from 3 to 4.
√ Incremented buildNumber from 3 to 4.


√ Using remote iOS credentials (Expo server)

Distribution Certificate is not validated for non-interactive builds.
Using App Store Connect API Key from EAS credentials service.
- Fetching Apple provisioning profiles
√ Fetched Apple provisioning profiles

Project Credentials Configuration

Project                   @horaceheightss-team/spanglish
Bundle Identifier         com.gorre.spanglish
                          
App Store Configuration   
                          
Distribution Certificate  
Serial Number             1AF97CD04F9778188BB310113DD0492
Expiration Date           Wed, 11 Aug 2027 17:30:37 CST
Apple Team                DAM23Q7964 (Horacio Gutierrez Garcia (Individual))
Updated                   1 day ago
                          
Provisioning Profile      
Developer Portal ID       57K3QP25WS
Status                    active
Expiration                Wed, 11 Aug 2027 17:30:37 CST
Apple Team                DAM23Q7964 (Horacio Gutierrez Garcia (Individual))
Updated                   1 day ago
                          
All credentials are ready to build @horaceheightss-team/spanglish (com.gorre.spanglish)


Compressing project files and uploading to EAS Build. Learn more: https://expo.fyi/eas-build-archive
- Compressing project files
Your project archive is 376 MB. You can reduce its size and the time it takes to upload by excluding files that are unnecessary for the build process in .easignore file. Learn more: https://expo.fyi/eas-build-archive
- Uploading to EAS Build (0 / 376 MB)
√ Uploaded to EAS 1m 30s
- Computing project fingerprint
⌛️ Computing the project fingerprint is taking longer than expected...
⏩ To skip this step, set the environment variable: EAS_SKIP_AUTO_FINGERPRINT=1
√ Computed project fingerprint

See logs: https://expo.dev/accounts/horaceheightss-team/projects/spanglish/builds/1e271043-be92-4ea9-a5a0-945ab6a2d4c5

